// Vitest Snapshot v1

exports[`dom test > dom 1`] = `
<div
  id="adm-mask"
/>
`;
